[www.improdenfer.com/index.html]
[www.improdenfer.com/location.0.delayed]
[backblue.gif]
[fade.gif]
[index.html]
[www.improdenfer.com/spectacles.html]
[www.improdenfer.com/qui-sommes-nous.html]
[www.improdenfer.com/termes-et-conditions.html]
[www.improdenfer.com/politique-de-cookies.html]
[www.improdenfer.com/mentions-légales.html]
[www.improdenfer.com/politique-de-confidentialité.html]
[www.improdenfer.com/sitemap.xml]
[www.improdenfer.com/feed.8.delayed]
[www.improdenfer.com/${n.9.delayed]
[www.improdenfer.com/decodeURIComponent(e.a.delayed]
[www.improdenfer.com/index.html]
[www.improdenfer.com/location.html]
[www.improdenfer.com/spectacles.html]
[www.improdenfer.com/qui-sommes-nous.html]
[www.improdenfer.com/termes-et-conditions.html]
[www.improdenfer.com/politique-de-cookies.html]
[www.improdenfer.com/mentions-légales.html]
[www.improdenfer.com/politique-de-confidentialité.html]
[www.improdenfer.com/feed.html]
[www.improdenfer.com/${n.html]
[www.improdenfer.com/decodeURIComponent(e.html]
